[Licensing::Module] Trying to connect to existing licensing client channel...
[Licensing::IpcConnector] Connection attempt to the License Client on channel: "LicenseClient-bnna7" failed because channel doesn't exist; code: "0x80000002"
[Licensing::Module] Successfully launched the LicensingClient (PId: 19744)
[Licensing::IpcConnector] Successfully connected to the License Client on channel: "LicenseClient-bnna7" at "2026-10-02T03:10:16.7230497Z"
[Licensing::Client] Error: Code 10 while verifying Licensing Client signature (process Id: 19744, path: "C:/Program Files/Unity 6000.0.0f1/Editor/Data/Resources/Licensing/Client/Unity.Licensing.Client.exe")
[Licensing::Module] Error: LicensingClient has failed validation; ignoring
[Licensing::Client] Handshaking with LicensingClient:
  Version:                 1.15.4+eee609c
  Session Id:              9c584771ec1e42ac91e4e1740e08b26c
  Correlation Id:          7048ac1587ee1f96087ceaf0a8586b53
  External correlation Id: 4835976577806198996
  Machine Id:              W+EtGLg0MsTmx7QQf553hFe27bs=
[Licensing::Module] Successfully connected to LicensingClient on channel: "LicenseClient-bnna7" (connect: 0.62s, validation: 0.04s, handshake: 0.06s)
[Licensing::IpcConnector] Successfully connected to the License Notification on channel: "LicenseClient-bnna7-notifications" at "2026-10-02T03:10:16.8245567Z"
[Licensing::Module] Connected to LicensingClient (PId: 19744, launch time: 0.01, total connection time: 0.72s)
[Licensing::Module] Error: Access token is unavailable; failed to update
[Licensing::Client] Successfully updated license
Built from '6000.0/release' branch; Version is '6000.0.0f1 (4ff56b3ea44c) revision 5240171'; Using compiler version '193933522'; Build Type 'Release'
OS: 'Windows 11  (10.0.26200) 64bit ProfessionalWorkstation' Language: 'zh' Physical Memory: 23844 MB
[Licensing::Client] Successfully resolved entitlements
[Licensing::Module] Serial number assigned to: "F4-B33G-4WN5-WM8A-SSQ9-XXXX"
BatchMode: 1, IsHumanControllingUs: 0, StartBugReporterOnCrash: 0, Is64bit: 1, IsPro: 0

COMMAND LINE ARGUMENTS:
C:\Program Files\Unity 6000.0.0f1\Editor\Unity.exe
-batchmode
-quit
-projectPath
C:\Users\bnna7\workspace\Houdini\LowPolyCity
-logFile
C:\Users\bnna7\workspace\Houdini\LowPolyCity\lpw_expansion_import_check.log
Successfully changed project path to: C:\Users\bnna7\workspace\Houdini\LowPolyCity
C:/Users/bnna7/workspace/Houdini/LowPolyCity
[UnityMemory] Configuration Parameters - Can be set up in boot.config
    "memorysetup-bucket-allocator-granularity=16"
    "memorysetup-bucket-allocator-bucket-count=8"
    "memorysetup-bucket-allocator-block-size=33554432"
    "memorysetup-bucket-allocator-block-count=8"
    "memorysetup-main-allocator-block-size=16777216"
    "memorysetup-thread-allocator-block-size=16777216"
    "memorysetup-gfx-main-allocator-block-size=16777216"
    "memorysetup-gfx-thread-allocator-block-size=16777216"
    "memorysetup-cache-allocator-block-size=4194304"
    "memorysetup-typetree-allocator-block-size=2097152"
    "memorysetup-profiler-bucket-allocator-granularity=16"
    "memorysetup-profiler-bucket-allocator-bucket-count=8"
    "memorysetup-profiler-bucket-allocator-block-size=33554432"
    "memorysetup-profiler-bucket-allocator-block-count=8"
    "memorysetup-profiler-allocator-block-size=16777216"
    "memorysetup-profiler-editor-allocator-block-size=1048576"
    "memorysetup-temp-allocator-size-main=16777216"
    "memorysetup-job-temp-allocator-block-size=2097152"
    "memorysetup-job-temp-allocator-block-size-background=1048576"
    "memorysetup-job-temp-allocator-reduction-small-platforms=262144"
    "memorysetup-allocator-temp-initial-block-size-main=262144"
    "memorysetup-allocator-temp-initial-block-size-worker=262144"
    "memorysetup-temp-allocator-size-background-worker=32768"
    "memorysetup-temp-allocator-size-job-worker=262144"
    "memorysetup-temp-allocator-size-preload-manager=33554432"
    "memorysetup-temp-allocator-size-nav-mesh-worker=65536"
    "memorysetup-temp-allocator-size-audio-worker=65536"
    "memorysetup-temp-allocator-size-cloud-worker=32768"
    "memorysetup-temp-allocator-size-gi-baking-worker=262144"
    "memorysetup-temp-allocator-size-gi-baking-worker=262144"
    "memorysetup-temp-allocator-size-gi-baking-worker=262144"
    "memorysetup-temp-allocator-size-gi-baking-worker=262144"
    "memorysetup-temp-allocator-size-gi-baking-worker=262144"
    "memorysetup-temp-allocator-size-gfx=262144"
Player connection [29756]  Target information:

Player connection [29756]  * "[IP] 172.29.240.1 [Port] 55504 [Flags] 2 [Guid] 3514191624 [EditorId] 3514191624 [Version] 1048832 [Id] WindowsEditor(7,desktop) [Debug] 1 [PackageName] WindowsEditor [ProjectName] Editor" 

Player connection [29756]  * "[IP] 192.168.255.126 [Port] 55504 [Flags] 2 [Guid] 3514191624 [EditorId] 3514191624 [Version] 1048832 [Id] WindowsEditor(7,desktop) [Debug] 1 [PackageName] WindowsEditor [ProjectName] Editor" 

Player connection [29756]  * "[IP] 192.168.1.13 [Port] 55504 [Flags] 2 [Guid] 3514191624 [EditorId] 3514191624 [Version] 1048832 [Id] WindowsEditor(7,desktop) [Debug] 1 [PackageName] WindowsEditor [ProjectName] Editor" 

Player connection [29756] Host joined multi-casting on [225.0.0.222:54997]...
Player connection [29756] Host joined alternative multi-casting on [225.0.0.222:34997]...
[Package Manager] Connected to IPC stream "Upm-30792" after 0.3 seconds.
Library Redirect Path: Library/
[Licensing::Client] Successfully resolved entitlements
[Package Manager] Restoring resolved packages state from cache
[Licensing::Client] Successfully resolved entitlement details
[Package Manager] Registered 14 packages:
  Packages from [https://packages.unity.com]:
    com.unity.test-framework@1.4.5 (location: C:\Users\bnna7\workspace\Houdini\LowPolyCity\Library\PackageCache\com.unity.test-framework)
    com.unity.ext.nunit@2.0.5 (location: C:\Users\bnna7\workspace\Houdini\LowPolyCity\Library\PackageCache\com.unity.ext.nunit)
  Built-in packages:
    com.unity.modules.audio@1.0.0 (location: C:\Users\bnna7\workspace\Houdini\LowPolyCity\Library\PackageCache\com.unity.modules.audio)
    com.unity.modules.imgui@1.0.0 (location: C:\Users\bnna7\workspace\Houdini\LowPolyCity\Library\PackageCache\com.unity.modules.imgui)
    com.unity.modules.jsonserialize@1.0.0 (location: C:\Users\bnna7\workspace\Houdini\LowPolyCity\Library\PackageCache\com.unity.modules.jsonserialize)
    com.unity.modules.particlesystem@1.0.0 (location: C:\Users\bnna7\workspace\Houdini\LowPolyCity\Library\PackageCache\com.unity.modules.particlesystem)
    com.unity.modules.physics@1.0.0 (location: C:\Users\bnna7\workspace\Houdini\LowPolyCity\Library\PackageCache\com.unity.modules.physics)
    com.unity.modules.screencapture@1.0.0 (location: C:\Users\bnna7\workspace\Houdini\LowPolyCity\Library\PackageCache\com.unity.modules.screencapture)
    com.unity.modules.terrain@1.0.0 (location: C:\Users\bnna7\workspace\Houdini\LowPolyCity\Library\PackageCache\com.unity.modules.terrain)
    com.unity.modules.ui@1.0.0 (location: C:\Users\bnna7\workspace\Houdini\LowPolyCity\Library\PackageCache\com.unity.modules.ui)
    com.unity.modules.uielements@1.0.0 (location: C:\Users\bnna7\workspace\Houdini\LowPolyCity\Library\PackageCache\com.unity.modules.uielements)
    com.unity.modules.hierarchycore@1.0.0 (location: C:\Users\bnna7\workspace\Houdini\LowPolyCity\Library\PackageCache\com.unity.modules.hierarchycore)
    com.unity.modules.imageconversion@1.0.0 (location: C:\Users\bnna7\workspace\Houdini\LowPolyCity\Library\PackageCache\com.unity.modules.imageconversion)
  Embedded packages:
    com.studio.lowpoly-world-builder@file:C:\Users\bnna7\workspace\Houdini\LowPolyCity\Packages\com.studio.lowpoly-world-builder (location: C:\Users\bnna7\workspace\Houdini\LowPolyCity\Packages\com.studio.lowpoly-world-builder)
[PhysX] Initialized MultithreadedTaskDispatcher with 16 workers.
[Subsystems] No new subsystems found in resolved package list.
Package Manager log level set to [2]
[Package Manager] Done registering packages in 0.40 seconds
Refreshing native plugins compatible for Editor in 0.00 ms, found 0 plugins.
Preloading 0 native plugins for Editor in 0.00 ms.
Initialize engine version: 6000.0.0f1 (4ff56b3ea44c)
[Subsystems] Discovering subsystems at path C:/Program Files/Unity 6000.0.0f1/Editor/Data/Resources/UnitySubsystems
[Subsystems] Discovering subsystems at path C:/Users/bnna7/workspace/Houdini/LowPolyCity/Assets
GfxDevice: creating device client; kGfxThreadingModeNonThreaded
Direct3D:
    Version:  Direct3D 11.0 [level 11.1]
    Renderer: NVIDIA GeForce RTX 4050 Laptop GPU (ID=0x28a1)
    Vendor:   NVIDIA
    VRAM:     5921 MB
    Driver:   32.0.15.8088
[Licensing::Client] Successfully resolved entitlements
Initialize mono
Mono path[0] = 'C:/Program Files/Unity 6000.0.0f1/Editor/Data/Managed'
Mono path[1] = 'C:/Program Files/Unity 6000.0.0f1/Editor/Data/MonoBleedingEdge/lib/mono/unityjit-win32'
Mono config path = 'C:/Program Files/Unity 6000.0.0f1/Editor/Data/MonoBleedingEdge/etc'
Using monoOptions --debugger-agent=transport=dt_socket,embedding=1,server=y,suspend=n,address=127.0.0.1:56792
Using cacheserver namespaces - metadata:defaultmetadata, artifacts:defaultartifacts
Using cacheserver namespaces - metadata:defaultmetadata, artifacts:defaultartifacts
ImportWorker Server TCP listen port: 0
AcceleratorClientConnectionCallback - disconnected - :0
Begin MonoManager ReloadAssembly
Registering precompiled unity dll's ...
Register platform support module: C:/Program Files/Unity 6000.0.0f1/Editor/Data/PlaybackEngines/WindowsStandaloneSupport/UnityEditor.WindowsStandalone.Extensions.dll
Registered in 0.004510 seconds.
- Loaded All Assemblies, in  0.311 seconds
Native extension for WindowsStandalone target not found
Mono: successfully reloaded assembly
- Finished resetting the current domain, in  0.264 seconds
Domain Reload Profiling: 570ms
	BeginReloadAssembly (119ms)
		ExecutionOrderSort (0ms)
		DisableScriptedObjects (0ms)
		BackupInstance (0ms)
		ReleaseScriptingObjects (0ms)
		CreateAndSetChildDomain (1ms)
	RebuildCommonClasses (27ms)
	RebuildNativeTypeToScriptingClass (8ms)
	initialDomainReloadingComplete (46ms)
	LoadAllAssembliesAndSetupDomain (106ms)
		LoadAssemblies (114ms)
		RebuildTransferFunctionScriptingTraits (0ms)
		AnalyzeDomain (104ms)
			TypeCache.Refresh (103ms)
				TypeCache.ScanAssembly (92ms)
			BuildScriptInfoCaches (0ms)
			ResolveRequiredComponents (0ms)
	FinalizeReload (264ms)
		ReleaseScriptCaches (0ms)
		RebuildScriptCaches (0ms)
		SetupLoadedEditorAssemblies (231ms)
			LogAssemblyErrors (0ms)
			InitializePlatformSupportModulesInManaged (14ms)
			SetLoadedEditorAssemblies (3ms)
			BeforeProcessingInitializeOnLoad (3ms)
			ProcessInitializeOnLoadAttributes (102ms)
			ProcessInitializeOnLoadMethodAttributes (109ms)
			AfterProcessingInitializeOnLoad (0ms)
			EditorAssembliesLoaded (0ms)
		ExecutionOrderSort2 (0ms)
		AwakeInstancesAfterBackupRestoration (0ms)
[Licensing::Client] Successfully resolved entitlements
Application.AssetDatabase Initial Refresh Start
[ScriptCompilation] Requested script compilation because: Assetdatabase observed changes in script compilation related files
Starting: C:\Program Files\Unity 6000.0.0f1\Editor\Data\bee_backend.exe --dont-print-to-structured-log --ipc --defer-dag-verification --dagfile="Library/Bee/1900b0aE.dag" --continue-on-failure --profile="Library/Bee/backend1.traceevents" ScriptAssemblies
WorkingDir: C:/Users/bnna7/workspace/Houdini/LowPolyCity
DisplayProgressbar: Compiling Scripts
ExitCode: 4 Duration: 0s119ms
Rebuilding DAG because FileSignature timestamp changed: Library/Bee/1900b0aE-inputdata.json
[154/161    0s] Csc Library/Bee/artifacts/1900b0aE.dag/LowPolyWorldBuilder.Editor.dll (+2 others) [CacheHit 864707d15ff45059b3767f978860db3900000000000000000000000000000003]
[155/161   1790910629s] Csc Library/Bee/artifacts/1900b0aE.dag/LowPolyWorldBuilder.Editor.dll (+2 others)
*** Tundra requires additional run (0.08 seconds), 0 items updated, 154 evaluated
Starting: C:\Program Files\Unity 6000.0.0f1\Editor\Data\Tools\netcorerun\netcorerun.exe "C:\Program Files\Unity 6000.0.0f1\Editor\Data\Tools\BuildPipeline\ScriptCompilationBuildProgram.exe" "Library/Bee/1900b0aE.dag.json" "Library/Bee/1900b0aE-inputdata.json" "Library\Bee\buildprogram0.traceevents"
WorkingDir: C:/Users/bnna7/workspace/Houdini/LowPolyCity
ExitCode: 0 Duration: 0s202ms
Starting: C:\Program Files\Unity 6000.0.0f1\Editor\Data\bee_backend.exe --dont-print-to-structured-log --ipc --defer-dag-verification --dagfile="Library/Bee/1900b0aE.dag" --continue-on-failure --dagfilejson="Library\Bee\1900b0aE.dag.json" --profile="Library/Bee/backend2.traceevents" ScriptAssemblies
WorkingDir: C:/Users/bnna7/workspace/Houdini/LowPolyCity
ExitCode: 0 Duration: 0s142ms
Finished compiling graph: 164 nodes, 925 flattened edges (885 ToBuild, 10 ToUse), maximum node priority 47
[156/161    0s] CopyFiles Library/ScriptAssemblies/LowPolyWorldBuilder.Editor.pdb
[160/161    0s] CopyFiles Library/ScriptAssemblies/LowPolyWorldBuilder.Editor.dll
*** Tundra build success (0.11 seconds), 2 items updated, 161 evaluated
AssetDatabase: script compilation time: 0.822174s
Begin MonoManager ReloadAssembly
- Loaded All Assemblies, in  0.619 seconds
Start importing Assets/LowPolyWorldOutput/Expansion using Guid(81848b910de1673429f255296ce86430) (DefaultImporter)[PhysX] Initialized MultithreadedTaskDispatcher with 16 workers.
 -> (artifact id: 'b2cc986aa7387dc6436456b1c9cea70f') in 0.0190113 seconds
Start importing Assets/LowPolyWorldOutput/Expansion/16x16 using Guid(d63ce6fd2f1066f41aebbbd71615cf34) (DefaultImporter)[PhysX] Initialized MultithreadedTaskDispatcher with 16 workers.
 -> (artifact id: '150e036b16cce772f6c484a59eb44560') in 0.0007162 seconds
Start importing Assets/LowPolyWorldBuilder/Config/Expansion using Guid(c89129ac459e7864e84acfefc8504772) (DefaultImporter)[PhysX] Initialized MultithreadedTaskDispatcher with 16 workers.
 -> (artifact id: '8cf7fe837a44842b2db36f9d7c252a61') in 0.0053213 seconds
Start importing Assets/LowPolyWorldOutput/Expansion/4x4 using Guid(dc60ccdd1ab398345a50a0fc4c33fbc3) (DefaultImporter)[PhysX] Initialized MultithreadedTaskDispatcher with 16 workers.
 -> (artifact id: '6a6754b970cc376864954f38660ee9f5') in 0.0006167 seconds
Start importing Assets/LowPolyWorldOutput/Expansion/16x16/City using Guid(b19544b4b13b3344abe117938f5414b7) (DefaultImporter)[PhysX] Initialized MultithreadedTaskDispatcher with 16 workers.
 -> (artifact id: '890dab1fa54398b8e77c23cbb74cbe0c') in 0.000529 seconds
Start importing Assets/LowPolyWorldOutput/Expansion/16x16/Railway using Guid(929434d66ce5b80488c1abd50cd876d2) (DefaultImporter)[PhysX] Initialized MultithreadedTaskDispatcher with 16 workers.
 -> (artifact id: 'cd422434c82d61144d6aa603e5f5042c') in 0.0005103 seconds
Start importing Assets/LowPolyWorldOutput/Expansion/16x16/Metro using Guid(53a54bce581bb8546ab74eeb95eaf75c) (DefaultImporter)[PhysX] Initialized MultithreadedTaskDispatcher with 16 workers.
 -> (artifact id: '227f43928ac1728c2d77a786200b3090') in 0.0005081 seconds
Start importing Assets/LowPolyWorldOutput/Expansion/4x4/City using Guid(1404da32e163cb0459fa904c9866f7a9) (DefaultImporter)[PhysX] Initialized MultithreadedTaskDispatcher with 16 workers.
 -> (artifact id: 'b6565af56182f94e100a7c839ed49124') in 0.0005408 seconds
Start importing Assets/LowPolyWorldOutput/Expansion/4x4/Harbor using Guid(45afb2ebe891be949b248954190a6bfa) (DefaultImporter)[PhysX] Initialized MultithreadedTaskDispatcher with 16 workers.
 -> (artifact id: '892b70d03eb22605717d61ba01e458b3') in 0.0004935 seconds
Start importing Assets/LowPolyWorldOutput/Expansion/16x16/Harbor using Guid(55eee8c28799a8642a0b34babe234b1b) (DefaultImporter)[PhysX] Initialized MultithreadedTaskDispatcher with 16 workers.
 -> (artifact id: '4fc68901605824274ca9e50c8701a295') in 0.0004901 seconds
Start importing Assets/LowPolyWorldOutput/Expansion/4x4/Railway using Guid(0a8e3ff0933aa0d4a80bec85f40b00bb) (DefaultImporter)[PhysX] Initialized MultithreadedTaskDispatcher with 16 workers.
 -> (artifact id: 'a9263669284abc5395317065c129bc7a') in 0.0004791 seconds
Start importing Assets/LowPolyWorldOutput/Expansion/16x16/Airport using Guid(2bb1c2830497d074b8ba9175e5be9f89) (DefaultImporter)[PhysX] Initialized MultithreadedTaskDispatcher with 16 workers.
 -> (artifact id: '14edcf98938a73b10f3847d4a40e969a') in 0.0004892 seconds
Start importing Assets/LowPolyWorldOutput/Expansion/4x4/Airport using Guid(0c266337a233eb347980fa52c5b8a5ce) (DefaultImporter)[PhysX] Initialized MultithreadedTaskDispatcher with 16 workers.
 -> (artifact id: '827b40d6c4fd7aef62cbdeba1c597ebc') in 0.0005379 seconds
Start importing Assets/LowPolyWorldOutput/Expansion/4x4/Metro using Guid(9c13a7cadb7bad44393b5a9e51f772ac) (DefaultImporter)[PhysX] Initialized MultithreadedTaskDispatcher with 16 workers.
 -> (artifact id: 'c7fd0962fa0d00164fea232a54112618') in 0.0005175 seconds
Refreshing native plugins compatible for Editor in 0.00 ms, found 0 plugins.
Native extension for WindowsStandalone target not found
Mono: successfully reloaded assembly
- Finished resetting the current domain, in  0.363 seconds
Domain Reload Profiling: 976ms
	BeginReloadAssembly (386ms)
		ExecutionOrderSort (0ms)
		DisableScriptedObjects (9ms)
		BackupInstance (0ms)
		ReleaseScriptingObjects (0ms)
		CreateAndSetChildDomain (29ms)
	RebuildCommonClasses (27ms)
	RebuildNativeTypeToScriptingClass (10ms)
	initialDomainReloadingComplete (26ms)
	LoadAllAssembliesAndSetupDomain (164ms)
		LoadAssemblies (249ms)
		RebuildTransferFunctionScriptingTraits (0ms)
		AnalyzeDomain (12ms)
			TypeCache.Refresh (8ms)
				TypeCache.ScanAssembly (6ms)
			BuildScriptInfoCaches (2ms)
			ResolveRequiredComponents (0ms)
	FinalizeReload (363ms)
		ReleaseScriptCaches (0ms)
		RebuildScriptCaches (0ms)
		SetupLoadedEditorAssemblies (227ms)
			LogAssemblyErrors (0ms)
			InitializePlatformSupportModulesInManaged (9ms)
			SetLoadedEditorAssemblies (1ms)
			BeforeProcessingInitializeOnLoad (39ms)
			ProcessInitializeOnLoadAttributes (83ms)
			ProcessInitializeOnLoadMethodAttributes (83ms)
			AfterProcessingInitializeOnLoad (12ms)
			EditorAssembliesLoaded (0ms)
		ExecutionOrderSort2 (0ms)
		AwakeInstancesAfterBackupRestoration (14ms)
Start importing Assets/LowPolyWorldOutput/Expansion/4x4/City/City_4x4.unity using Guid(21c30578ed54ea64eb4a80fa95b53e69) (DefaultImporter)[PhysX] Initialized MultithreadedTaskDispatcher with 16 workers.
 -> (artifact id: '9589d92b48e6081a853fba39359826fa') in 0.0010578 seconds
Start importing Assets/LowPolyWorldOutput/Expansion/16x16/Airport/Airport_16x16.unity using Guid(24745fba41140f741a3211b99f119b43) (DefaultImporter)[PhysX] Initialized MultithreadedTaskDispatcher with 16 workers.
 -> (artifact id: 'f3d9f3d0586653ee2fc00da8511a65a6') in 0.0007058 seconds
Start importing Assets/LowPolyWorldOutput/Expansion/16x16/City/City_16x16.unity using Guid(a49f1f85d298fad4d85da4ce9496ace3) (DefaultImporter)[PhysX] Initialized MultithreadedTaskDispatcher with 16 workers.
 -> (artifact id: 'a6ca3e920f4feb8c20b681a35528fcce') in 0.0006671 seconds
Start importing Assets/LowPolyWorldOutput/Expansion/16x16/Railway/Railway_16x16.unity using Guid(378adc079b42e06428881cc6a7cd1e62) (DefaultImporter)[PhysX] Initialized MultithreadedTaskDispatcher with 16 workers.
 -> (artifact id: 'c9606412740e30f9d5805cc86f8bf751') in 0.0006482 seconds
Start importing Assets/LowPolyWorldOutput/Expansion/16x16/Metro/Metro_16x16.unity using Guid(29a5fbb622349544d84a7df70d4de9d1) (DefaultImporter)[PhysX] Initialized MultithreadedTaskDispatcher with 16 workers.
 -> (artifact id: '45a6f01b3645319d0fb9b194184e0f4a') in 0.000615 seconds
Start importing Assets/LowPolyWorldOutput/Expansion/4x4/Airport/Airport_4x4.unity using Guid(db7815639ebe7064ea0265060e8c6e43) (DefaultImporter)[PhysX] Initialized MultithreadedTaskDispatcher with 16 workers.
 -> (artifact id: '6313b897011cda1e1e25341a1b1a208f') in 0.0006778 seconds
Start importing Assets/LowPolyWorldOutput/Expansion/4x4/Metro/Metro_4x4.unity using Guid(8cd83b55fa7f81143a549116b9c15fbf) (DefaultImporter)[PhysX] Initialized MultithreadedTaskDispatcher with 16 workers.
 -> (artifact id: '097299925d8012744c75826cd1143879') in 0.0006549 seconds
Start importing Assets/LowPolyWorldOutput/Expansion/16x16/Harbor/Harbor_16x16.unity using Guid(0ef5a00fc26be4340a4114d4bfac6e56) (DefaultImporter)[PhysX] Initialized MultithreadedTaskDispatcher with 16 workers.
 -> (artifact id: '855fab920d0775f0b397c13428a5c096') in 0.0018834 seconds
Start importing Assets/LowPolyWorldOutput/Expansion/4x4/Harbor/Harbor_4x4.unity using Guid(fead4cfd05ebb014aaf02368836b9f0b) (DefaultImporter)[PhysX] Initialized MultithreadedTaskDispatcher with 16 workers.
 -> (artifact id: 'ab15654c4a875caccdd1ba96bc6ed08d') in 0.0006072 seconds
Start importing Assets/LowPolyWorldOutput/Expansion/4x4/Railway/Railway_4x4.unity using Guid(7f7197c653b65bd429b5fe33340f9a92) (DefaultImporter)[PhysX] Initialized MultithreadedTaskDispatcher with 16 workers.
 -> (artifact id: '36ddac6382ffbed82b98e0627640d07e') in 0.0005742 seconds
Start importing Assets/LowPolyWorldBuilder/Config/Expansion/Railway_16x16.asset using Guid(b035c30c12ddc75499a86a20cfff9b82) (NativeFormatImporter)[PhysX] Initialized MultithreadedTaskDispatcher with 16 workers.
 -> (artifact id: 'ccd68d13dfa570d364f2188afbd8053c') in 0.0044452 seconds
Start importing Assets/LowPolyWorldBuilder/Config/Expansion/Zone_Metro_Office.asset using Guid(f0b6a46c607e2a34aa746d42d335673a) (NativeFormatImporter)[PhysX] Initialized MultithreadedTaskDispatcher with 16 workers.
 -> (artifact id: '7902e85d67a6ed9b27a5c38c110160d7') in 0.0018703 seconds
Start importing Assets/LowPolyWorldBuilder/Config/Expansion/Palette_Metro.asset using Guid(0123d4e71dbeb0b4294a1e0cfc20f6c7) (NativeFormatImporter)[PhysX] Initialized MultithreadedTaskDispatcher with 16 workers.
 -> (artifact id: 'b184f964f4546b0af9a6a6b9d45b391f') in 0.0016946 seconds
Start importing Assets/LowPolyWorldBuilder/Config/Expansion/Airport_4x4.asset using Guid(01194ed9ff0ab0248b2beac2d7515a2c) (NativeFormatImporter)[PhysX] Initialized MultithreadedTaskDispatcher with 16 workers.
 -> (artifact id: '598f23616395d037d5b2a225530a5f17') in 0.0029182 seconds
Start importing Assets/LowPolyWorldBuilder/Config/Expansion/Zone_Railway_Rail.asset using Guid(81d5700059354b343bc4b71649480288) (NativeFormatImporter)[PhysX] Initialized MultithreadedTaskDispatcher with 16 workers.
 -> (artifact id: '7eedc82fc9fd9c51ea713372eae0b121') in 0.00143 seconds
Start importing Assets/LowPolyWorldBuilder/Config/Expansion/Zone_Airport_Office.asset using Guid(622ef756406528e4eaccdbd35828e070) (NativeFormatImporter)[PhysX] Initialized MultithreadedTaskDispatcher with 16 workers.
 -> (artifact id: '501045a644071670f120290426070ceb') in 0.0014297 seconds
Start importing Assets/LowPolyWorldBuilder/Config/Expansion/Zone_Airport_Commercial.asset using Guid(92d896724c97692418abab3a958c48f7) (NativeFormatImporter)[PhysX] Initialized MultithreadedTaskDispatcher with 16 workers.
 -> (artifact id: '8f69261945df0b8852c3ff0c950e0872') in 0.0013857 seconds
Start importing Assets/LowPolyWorldBuilder/Config/Expansion/Zone_Harbor_Commercial.asset using Guid(f443b661223b32e49bb2b3fce3c1d5e1) (NativeFormatImporter)[PhysX] Initialized MultithreadedTaskDispatcher with 16 workers.
 -> (artifact id: '4cc630dd846f79f00798a4623e93b972') in 0.0017318 seconds
Start importing Assets/LowPolyWorldBuilder/Config/Expansion/Zone_City_Commercial.asset using Guid(754629f5804cea9408dddb92c59466c3) (NativeFormatImporter)[PhysX] Initialized MultithreadedTaskDispatcher with 16 workers.
 -> (artifact id: '063c1fe028910fa20f022e8033df55af') in 0.0016597 seconds
Start importing Assets/LowPolyWorldBuilder/Config/Expansion/Palette_Railway.asset using Guid(8504b0eb55a6edd438fbb08b8efcf7ce) (NativeFormatImporter)[PhysX] Initialized MultithreadedTaskDispatcher with 16 workers.
 -> (artifact id: '5bf1f0fa4c6a1d154d7463a64da1b10d') in 0.0014934 seconds
Start importing Assets/LowPolyWorldBuilder/Config/Expansion/Zone_City_Park.asset using Guid(954fdcb293c1d474baac1afbbe2c3888) (NativeFormatImporter)[PhysX] Initialized MultithreadedTaskDispatcher with 16 workers.
 -> (artifact id: '140bcf7c3328e7871b509b49ab689bc3') in 0.0018217 seconds
Start importing Assets/LowPolyWorldBuilder/Config/Expansion/Zone_Railway_Commercial.asset using Guid(b69e69c03412f3441b19f72e0aa4a00e) (NativeFormatImporter)[PhysX] Initialized MultithreadedTaskDispatcher with 16 workers.
 -> (artifact id: 'ffc3f4a82f1f2b5c4f1f11c040ffbf03') in 0.0015982 seconds
Start importing Assets/LowPolyWorldBuilder/Config/Expansion/Airport_16x16.asset using Guid(57be0d8a4a7c50f46bb5f536cd423f8a) (NativeFormatImporter)[PhysX] Initialized MultithreadedTaskDispatcher with 16 workers.
 -> (artifact id: 'bf7191acdd15d4182312861b4025cb3a') in 0.001889 seconds
Start importing Assets/LowPolyWorldBuilder/Config/Expansion/Harbor_16x16.asset using Guid(58d3eb1c6ce832743b130c667c47e9f8) (NativeFormatImporter)[PhysX] Initialized MultithreadedTaskDispatcher with 16 workers.
 -> (artifact id: '6491dd64ead188bbf99ad15512ace7ce') in 0.0027787 seconds
Start importing Assets/LowPolyWorldBuilder/Config/Expansion/Zone_Harbor_Industrial.asset using Guid(a811765ec58ddcf45a10bf6c718f2e51) (NativeFormatImporter)[PhysX] Initialized MultithreadedTaskDispatcher with 16 workers.
 -> (artifact id: '310ad5ae9409135e01df465d5a59c57b') in 0.0016107 seconds
Start importing Assets/LowPolyWorldBuilder/Config/Expansion/City_16x16.asset using Guid(f8e6d38dd17264a419ea9d2d7f3ebacb) (NativeFormatImporter)[PhysX] Initialized MultithreadedTaskDispatcher with 16 workers.
 -> (artifact id: '44bfd803ff042325c68871231b69ae51') in 0.0023384 seconds
Start importing Assets/LowPolyWorldBuilder/Config/Expansion/Zone_Airport_Park.asset using Guid(696e3e9ce2d6be5458677e1f405e8dff) (NativeFormatImporter)[PhysX] Initialized MultithreadedTaskDispatcher with 16 workers.
 -> (artifact id: '0dd47e95aa01b72f734b60a63c94eed1') in 0.0014457 seconds
Start importing Assets/LowPolyWorldBuilder/Config/Expansion/Railway_4x4.asset using Guid(a9e4fed555f830a43bc1623616e3f83d) (NativeFormatImporter)[PhysX] Initialized MultithreadedTaskDispatcher with 16 workers.
 -> (artifact id: 'dce65eaf7aa13bc87c5a6f42b0c5e731') in 0.0018966 seconds
Start importing Assets/LowPolyWorldBuilder/Config/Expansion/Metro_16x16.asset using Guid(e933ae52d91d45f42832891ba4b4dd4a) (NativeFormatImporter)[PhysX] Initialized MultithreadedTaskDispatcher with 16 workers.
 -> (artifact id: 'bbda33122b229b52535b6748d9b2853a') in 0.00231 seconds
Start importing Assets/LowPolyWorldBuilder/Config/Expansion/Palette_Harbor.asset using Guid(daa861e5eb4e4d840a0d18b123b4a4e4) (NativeFormatImporter)[PhysX] Initialized MultithreadedTaskDispatcher with 16 workers.
 -> (artifact id: 'a66811577b65dd13a6cc1214f3fb7df8') in 0.0014723 seconds
Start importing Assets/LowPolyWorldBuilder/Config/Expansion/Zone_City_Residential.asset using Guid(7cd4d93ac7d983947beebff6d36f1237) (NativeFormatImporter)[PhysX] Initialized MultithreadedTaskDispatcher with 16 workers.
 -> (artifact id: '12ba361ad7ae918f0b8e6a8741680e3c') in 0.0013823 seconds
Start importing Assets/LowPolyWorldBuilder/Config/Expansion/Zone_Metro_Residential.asset using Guid(bce91144a0fbbab43ad35b41904bfef8) (NativeFormatImporter)[PhysX] Initialized MultithreadedTaskDispatcher with 16 workers.
 -> (artifact id: 'a503b9531f677392b1b925bdded06432') in 0.0014135 seconds
Start importing Assets/LowPolyWorldBuilder/Config/Expansion/Zone_Harbor_Park.asset using Guid(8d6fa3c675cd5ab429c654c21f0d9d68) (NativeFormatImporter)[PhysX] Initialized MultithreadedTaskDispatcher with 16 workers.
 -> (artifact id: 'cb8ef663440d43caf6e67574f722b054') in 0.0017589 seconds
Start importing Assets/LowPolyWorldBuilder/Config/Expansion/Palette_City.asset using Guid(5e8964ec9ce3139448f8e4ba77d7c528) (NativeFormatImporter)[PhysX] Initialized MultithreadedTaskDispatcher with 16 workers.
 -> (artifact id: 'e64657e0bb2b65dd6df20a97f0909e3e') in 0.0016518 seconds
Start importing Assets/LowPolyWorldBuilder/Config/Expansion/Harbor_4x4.asset using Guid(4ff303f27c5f6fc4089779ac2c4b01ac) (NativeFormatImporter)[PhysX] Initialized MultithreadedTaskDispatcher with 16 workers.
 -> (artifact id: 'f63e3e91cfd782872a68f2e1b3e74d72') in 0.0020392 seconds
Start importing Assets/LowPolyWorldBuilder/Config/Expansion/Palette_Airport.asset using Guid(7fec95c781e4a5c4a88531efade4e1cb) (NativeFormatImporter)[PhysX] Initialized MultithreadedTaskDispatcher with 16 workers.
 -> (artifact id: 'a347feed93d563018632a7ec257d06a2') in 0.0015918 seconds
Start importing Assets/LowPolyWorldBuilder/Config/Expansion/Metro_4x4.asset using Guid(9fbbc067fba4bfe4eaab2c30e88ba885) (NativeFormatImporter)[PhysX] Initialized MultithreadedTaskDispatcher with 16 workers.
 -> (artifact id: 'ad09e52a422a201022e730e93b8df9f2') in 0.001965 seconds
Start importing Assets/LowPolyWorldBuilder/Config/Expansion/Zone_Railway_Park.asset using Guid(bfd3f1af2ae606743b50f3593b069330) (NativeFormatImporter)[PhysX] Initialized MultithreadedTaskDispatcher with 16 workers.
 -> (artifact id: 'b4b63763b37be90e170dcca706842bfb') in 0.0015263 seconds
Start importing Assets/LowPolyWorldBuilder/Config/Expansion/City_4x4.asset using Guid(dffd8d34824e28543826f965eb6ddf6e) (NativeFormatImporter)[PhysX] Initialized MultithreadedTaskDispatcher with 16 workers.
 -> (artifact id: '1d3919537f672ccf523ad5c762df21ef') in 0.0017545 seconds
Start importing Assets/LowPolyWorldBuilder/Config/Expansion/Zone_Metro_Commercial.asset using Guid(ff7e2bce1c4036d4d9f19c4e36c49374) (NativeFormatImporter)[PhysX] Initialized MultithreadedTaskDispatcher with 16 workers.
 -> (artifact id: '7423dfbaaa36ed2877e2e2eb3eccc34e') in 0.001317 seconds
Start importing Assets/LowPolyWorldOutput/Expansion/16x16/City/City_16x16.report.txt using Guid(7051cf7904b201842a53f94d7b2b0504) (TextScriptImporter)[PhysX] Initialized MultithreadedTaskDispatcher with 16 workers.
 -> (artifact id: '896f4df4234f644a06052fcedf79aff5') in 0.0020012 seconds
Start importing Assets/LowPolyWorldOutput/Expansion/4x4/City/City_4x4.report.json using Guid(b109cc52fd4ff934ca48886e44075445) (TextScriptImporter)[PhysX] Initialized MultithreadedTaskDispatcher with 16 workers.
 -> (artifact id: '4456c7f15ecac9d3f51b34fe00f05324') in 0.0020099 seconds
Start importing Assets/LowPolyWorldOutput/Expansion/4x4/Harbor/Harbor_4x4.report.json using Guid(02eb83c1c74f9734ba843c201c989e0e) (TextScriptImporter)[PhysX] Initialized MultithreadedTaskDispatcher with 16 workers.
 -> (artifact id: '7b477ef4537214597d0d0ae43bd7172c') in 0.0018289 seconds
Start importing Assets/LowPolyWorldOutput/Expansion/4x4/Railway/Railway_4x4.report.json using Guid(c419d39c34ea1ee4e9d963f9a19d6226) (TextScriptImporter)[PhysX] Initialized MultithreadedTaskDispatcher with 16 workers.
 -> (artifact id: '4d50746dff1672878bfbcf554b3e7e53') in 0.0019942 seconds
Start importing Assets/LowPolyWorldOutput/Expansion/16x16/Metro/Metro_16x16.report.txt using Guid(05e1c87e38fea914d88d4fafd3f9faf2) (TextScriptImporter)[PhysX] Initialized MultithreadedTaskDispatcher with 16 workers.
 -> (artifact id: 'da15ef488422d5e1a9732d06a216e6fc') in 0.0019873 seconds
Start importing Assets/LowPolyWorldOutput/Expansion/16x16/Railway/Railway_16x16.report.txt using Guid(257935604022175488dad5918d93221b) (TextScriptImporter)[PhysX] Initialized MultithreadedTaskDispatcher with 16 workers.
 -> (artifact id: '16890099137c0f88266a86ee1c952ba0') in 0.001961 seconds
Start importing Assets/LowPolyWorldOutput/Expansion/16x16/Harbor/Harbor_16x16.report.txt using Guid(c5f75fcffcc34864dbf794eb190cc9df) (TextScriptImporter)[PhysX] Initialized MultithreadedTaskDispatcher with 16 workers.
 -> (artifact id: '0ebab5204594d9de4555a89bd149c81f') in 0.0017396 seconds
Start importing Assets/LowPolyWorldOutput/Expansion/16x16/Airport/Airport_16x16.report.txt using Guid(46a67108be6c6c44c8eb210406107bb2) (TextScriptImporter)[PhysX] Initialized MultithreadedTaskDispatcher with 16 workers.
 -> (artifact id: '8e08356ee29e217951326a82bd6a30a5') in 0.0017546 seconds
Start importing Assets/LowPolyWorldOutput/Expansion/16x16/Metro/Metro_16x16.report.json using Guid(a6b00c91e5e19b040828f8773760305f) (TextScriptImporter)[PhysX] Initialized MultithreadedTaskDispatcher with 16 workers.
 -> (artifact id: 'a56547f9dbe49728066f130279d26a9f') in 0.00194 seconds
Start importing Assets/LowPolyWorldOutput/Expansion/4x4/City/City_4x4.report.txt using Guid(47e74c0bead26bd498aeee7d6819e44c) (TextScriptImporter)[PhysX] Initialized MultithreadedTaskDispatcher with 16 workers.
 -> (artifact id: '64886fe15a821b273539b287f11124f1') in 0.0017203 seconds
Start importing Assets/LowPolyWorldOutput/Expansion/4x4/Airport/Airport_4x4.report.json using Guid(e89dc805eca67c34ba427cdd266237fa) (TextScriptImporter)[PhysX] Initialized MultithreadedTaskDispatcher with 16 workers.
 -> (artifact id: '9e6ab42cb3b913b2f7bdaf058949bf9f') in 0.0016761 seconds
Start importing Assets/LowPolyWorldOutput/Expansion/4x4/Metro/Metro_4x4.report.json using Guid(5b662223570cbf8409c4eeee7f41e88d) (TextScriptImporter)[PhysX] Initialized MultithreadedTaskDispatcher with 16 workers.
 -> (artifact id: '9f630a7dd6987ff7536962d17055b410') in 0.0018511 seconds
Start importing Assets/LowPolyWorldOutput/Expansion/16x16/Railway/Railway_16x16.report.json using Guid(2c1e181862d80e84f866b80e6c28c91a) (TextScriptImporter)[PhysX] Initialized MultithreadedTaskDispatcher with 16 workers.
 -> (artifact id: 'dafafa9778972683a1f4e417488f7a55') in 0.0017179 seconds
Start importing Assets/LowPolyWorldOutput/Expansion/16x16/City/City_16x16.report.json using Guid(ed23e34d217275d4fb15fa108d602db1) (TextScriptImporter)[PhysX] Initialized MultithreadedTaskDispatcher with 16 workers.
 -> (artifact id: '49c82ca7f8525852253d4784e6905d88') in 0.0018333 seconds
Start importing Assets/LowPolyWorldOutput/Expansion/16x16/Harbor/Harbor_16x16.report.json using Guid(ae2833e5f95598144bfbf4f2d73c0cf6) (TextScriptImporter)[PhysX] Initialized MultithreadedTaskDispatcher with 16 workers.
 -> (artifact id: '64c7f21078f60ed01a330994c3bf910e') in 0.001884 seconds
Start importing Assets/LowPolyWorldOutput/Expansion/4x4/Harbor/Harbor_4x4.report.txt using Guid(bec0fa050cf505744bc4e4e9b09d1db2) (TextScriptImporter)[PhysX] Initialized MultithreadedTaskDispatcher with 16 workers.
 -> (artifact id: '97370fcfa3b2eb2e4ae7b45a78c9c31d') in 0.001694 seconds
Start importing Assets/LowPolyWorldOutput/Expansion/4x4/Railway/Railway_4x4.report.txt using Guid(8fec0db66428391498ba9f8fb288c4db) (TextScriptImporter)[PhysX] Initialized MultithreadedTaskDispatcher with 16 workers.
 -> (artifact id: 'f0730bd5527d63dd1c83f3298f523dec') in 0.0017573 seconds
Start importing Assets/LowPolyWorldOutput/Expansion/4x4/Metro/Metro_4x4.report.txt using Guid(8fcf29a1152928047af6ee4c2921951e) (TextScriptImporter)[PhysX] Initialized MultithreadedTaskDispatcher with 16 workers.
 -> (artifact id: '360bcc10e4e61b4156a0951f36290dbd') in 0.0019624 seconds
Start importing Packages/com.studio.lowpoly-world-builder/README.md using Guid(af3b13c6b8a07584d997d80edc4444f0) (TextScriptImporter)[PhysX] Initialized MultithreadedTaskDispatcher with 16 workers.
 -> (artifact id: '3cae07862c63945bbb2eaff290f7e1bc') in 0.0017637 seconds
Start importing Assets/LowPolyWorldOutput/Expansion/4x4/Airport/Airport_4x4.report.txt using Guid(df55d8cff6400ea4b8bcc1a7c48dbb94) (TextScriptImporter)[PhysX] Initialized MultithreadedTaskDispatcher with 16 workers.
 -> (artifact id: '6ed5b2defc75692e146c6c16c7103bbd') in 0.0017178 seconds
Start importing Assets/LowPolyWorldOutput/Expansion/16x16/Airport/Airport_16x16.report.json using Guid(dfea49707bf1a5d4082d5b277e47d974) (TextScriptImporter)[PhysX] Initialized MultithreadedTaskDispatcher with 16 workers.
 -> (artifact id: '6f8c35d34fb2d16b832980d9b4b288fd') in 0.0018584 seconds
Start importing Assets/LowPolyWorldOutput/Expansion/16x16/City/City_16x16.prefab using Guid(3213a045130e59544826f22396d08405) (PrefabImporter)[PhysX] Initialized MultithreadedTaskDispatcher with 16 workers.
[PhysX] Initialized MultithreadedTaskDispatcher with 16 workers.
 -> (artifact id: '2b3d4ca9d06899160c3735daa3bb6881') in 1.2135257 seconds
Start importing Assets/LowPolyWorldOutput/Expansion/4x4/City/City_4x4.prefab using Guid(b2ffe2deefce6a1428145a78ff4c0756) (PrefabImporter)[PhysX] Initialized MultithreadedTaskDispatcher with 16 workers.
[PhysX] Initialized MultithreadedTaskDispatcher with 16 workers.
 -> (artifact id: '0386da67cab73c4bd20bec753abeec3f') in 0.0169204 seconds
Start importing Assets/LowPolyWorldOutput/Expansion/4x4/Metro/Metro_4x4.prefab using Guid(948930e5fbb89ae4e838b06265386dad) (PrefabImporter)[PhysX] Initialized MultithreadedTaskDispatcher with 16 workers.
[PhysX] Initialized MultithreadedTaskDispatcher with 16 workers.
 -> (artifact id: '27ec294f552174eba048546a46da1538') in 0.0158053 seconds
Start importing Assets/LowPolyWorldOutput/Expansion/16x16/Airport/Airport_16x16.prefab using Guid(15287b3e0e7bd9a42bc0e9c9e5a13a0c) (PrefabImporter)[PhysX] Initialized MultithreadedTaskDispatcher with 16 workers.
[PhysX] Initialized MultithreadedTaskDispatcher with 16 workers.
 -> (artifact id: '6f803f4b60aef8522520d6ca61504d48') in 1.1295175 seconds
Start importing Assets/LowPolyWorldOutput/Expansion/4x4/Harbor/Harbor_4x4.prefab using Guid(351c32080f511d1449cc0dce93f12fdf) (PrefabImporter)[PhysX] Initialized MultithreadedTaskDispatcher with 16 workers.
[PhysX] Initialized MultithreadedTaskDispatcher with 16 workers.
 -> (artifact id: 'f3db9dc36c8153243eeff316f9f2a913') in 0.0128711 seconds
Start importing Assets/LowPolyWorldOutput/Expansion/16x16/Metro/Metro_16x16.prefab using Guid(48b76b0c6183ae2439d27ae947629200) (PrefabImporter)[PhysX] Initialized MultithreadedTaskDispatcher with 16 workers.
[PhysX] Initialized MultithreadedTaskDispatcher with 16 workers.
 -> (artifact id: '6d99f571fdc5e6c440e49b3df2dc2fc5') in 1.1797304 seconds
Start importing Assets/LowPolyWorldOutput/Expansion/4x4/Airport/Airport_4x4.prefab using Guid(68fb05170c8aa6a45aaf79fd567e0f8a) (PrefabImporter)[PhysX] Initialized MultithreadedTaskDispatcher with 16 workers.
[PhysX] Initialized MultithreadedTaskDispatcher with 16 workers.
 -> (artifact id: '979e038ca733727903de4c792b072e40') in 0.0125197 seconds
Start importing Assets/LowPolyWorldOutput/Expansion/16x16/Railway/Railway_16x16.prefab using Guid(cb55e367def904b44b806272373dae65) (PrefabImporter)[PhysX] Initialized MultithreadedTaskDispatcher with 16 workers.
[PhysX] Initialized MultithreadedTaskDispatcher with 16 workers.
 -> (artifact id: '37dac1648230b7a12cd15b77041426a0') in 1.0786554 seconds
Start importing Assets/LowPolyWorldOutput/Expansion/16x16/Harbor/Harbor_16x16.prefab using Guid(7d9f3e537390cbd48aa816de05410afd) (PrefabImporter)[PhysX] Initialized MultithreadedTaskDispatcher with 16 workers.
[PhysX] Initialized MultithreadedTaskDispatcher with 16 workers.
 -> (artifact id: '304ef91d4d08842b477df12e9454c6ef') in 0.9775502 seconds
Start importing Assets/LowPolyWorldOutput/Expansion/4x4/Railway/Railway_4x4.prefab using Guid(8d5fc5bd8a852ff40b9fa1e3d569d7ae) (PrefabImporter)[PhysX] Initialized MultithreadedTaskDispatcher with 16 workers.
[PhysX] Initialized MultithreadedTaskDispatcher with 16 workers.
 -> (artifact id: '72388993aebe11369df8dd833871e7ae') in 0.017947 seconds
Refreshing native plugins compatible for Editor in 0.00 ms, found 0 plugins.
Preloading 0 native plugins for Editor in 0.00 ms.
Asset Pipeline Refresh (id=60b58a505363bc34f84f159b97c5f4c0): Total: 10.044 seconds - Initiated by InitialRefreshV2(ForceSynchronousImport)
	Summary:
		Imports: total=85 (actual=85, local cache=0, cache server=0)
		Asset DB Process Time: managed=5 ms, native=8509 ms
		Asset DB Callback time: managed=43 ms, native=8 ms
		Scripting: domain reloads=1, domain reload time=637 ms, compile time=824 ms, other=15 ms
		Project Asset Count: scripts=131, non-scripts=104
		Asset File Changes: new=84, changed=86, moved=0, deleted=0
		Scan Filter Count: 0
	InvokeCustomDependenciesCallbacks: 0.001ms
	InvokePackagesCallback: 5.082ms
	ApplyChangesToAssetFolders: 0.337ms
	Scan: 386.319ms
	OnSourceAssetsModified: 0.798ms
	CategorizeAssetsWithTransientArtifact: 4.407ms
	ProcessAssetsWithTransientArtifactChanges: 3.175ms
	CategorizeAssets: 1.298ms
	ImportOutOfDateAssets: 8059.039ms (1185.505ms without children)
		ImportManagerImport: 6048.666ms (250.377ms without children)
			ImportInProcess: 5798.019ms
			UpdateCategorizedAssets: 0.269ms
		CompileScripts: 823.843ms
		ReloadNativeAssets: 0.001ms
		UnloadImportedAssets: 0.813ms
		ReloadImportedAssets: 0.008ms
		EnsureUptoDateAssetsAreRegisteredWithGuidPM: 0.026ms
		InitializingProgressBar: 0.005ms
		PostProcessAllAssetNotificationsAddChangedAssets: 0.000ms
		OnDemandSchedulerStart: 0.172ms
	PostProcessAllAssets: 48.996ms
	Hotreload: 1.399ms
	GatherAllCurrentPrimaryArtifactRevisions: 0.000ms
	UnloadStreamsBegin: 0.230ms
	PersistCurrentRevisions: 0.102ms
	UnloadStreamsEnd: 5.365ms
	GenerateScriptTypeHashes: 0.015ms
	Untracked: 1527.377ms

Application.AssetDatabase Initial Refresh End
Launched and connected shader compiler UnityShaderCompiler.exe after 0.01 seconds
Scanning for USB devices : 2.522ms
Initializing Unity extensions:
[Licensing::Client] Successfully resolved entitlements
[MODES] ModeService[none].Initialize
[MODES] ModeService[none].LoadModes
[MODES] Loading mode Default (0) for mode-current-id-LowPolyCity
Unloading 3 Unused Serialized files (Serialized files now loaded: 0)
Unloading 425 unused Assets / (0.6 MB). Loaded Objects now: 1057.
Memory consumption went from 109.7 MB to 109.2 MB.
Total: 4.509900 ms (FindLiveObjects: 0.086900 ms CreateObjectMapping: 0.017300 ms MarkObjects: 4.133200 ms  DeleteObjects: 0.271900 ms)

Batchmode quit successfully invoked - shutting down!
Curl error 42: Callback aborted
[Licensing::IpcConnector] License Notification channel disconnected successfully.
[Licensing::IpcConnector] License Client channel disconnected successfully.
AcceleratorClientConnectionCallback - disconnected - :0
Cleanup mono
Exiting batchmode successfully now!
Exiting without the bug reporter. Application will terminate with return code 0