[Licensing::Module] Trying to connect to existing licensing client channel...
[Licensing::IpcConnector] Connection attempt to the License Client on channel: "LicenseClient-bnna7" failed because channel doesn't exist; code: "0x80000002"
[Licensing::Module] Successfully launched the LicensingClient (PId: 30388)
[Licensing::IpcConnector] Successfully connected to the License Client on channel: "LicenseClient-bnna7" at "2026-10-02T02:39:51.1710091Z"
[Licensing::Client] Error: Code 10 while verifying Licensing Client signature (process Id: 30388, path: "C:/Program Files/Unity 6000.0.0f1/Editor/Data/Resources/Licensing/Client/Unity.Licensing.Client.exe")
[Licensing::Module] Error: LicensingClient has failed validation; ignoring
[Licensing::Client] Handshaking with LicensingClient:
  Version:                 1.15.4+eee609c
  Session Id:              0b3e13bd00984a70b79e7b7bf914a39c
  Correlation Id:          2fffbd7d1160864b6e0976834de3e5e9
  External correlation Id: 2904677840281116541
  Machine Id:              W+EtGLg0MsTmx7QQf553hFe27bs=
[Licensing::Module] Successfully connected to LicensingClient on channel: "LicenseClient-bnna7" (connect: 0.62s, validation: 0.04s, handshake: 0.06s)
[Licensing::IpcConnector] Successfully connected to the License Notification on channel: "LicenseClient-bnna7-notifications" at "2026-10-02T02:39:51.2722078Z"
[Licensing::Module] Connected to LicensingClient (PId: 30388, launch time: 0.01, total connection time: 0.72s)
[Licensing::Module] Error: Access token is unavailable; failed to update
[Licensing::Client] Successfully updated license
Built from '6000.0/release' branch; Version is '6000.0.0f1 (4ff56b3ea44c) revision 5240171'; Using compiler version '193933522'; Build Type 'Release'
OS: 'Windows 11  (10.0.26200) 64bit ProfessionalWorkstation' Language: 'zh' Physical Memory: 23844 MB
[Licensing::Client] Successfully resolved entitlements
[Licensing::Module] Serial number assigned to: "F4-B33G-4WN5-WM8A-SSQ9-XXXX"
BatchMode: 1, IsHumanControllingUs: 0, StartBugReporterOnCrash: 0, Is64bit: 1, IsPro: 0

COMMAND LINE ARGUMENTS:
C:\Program Files\Unity 6000.0.0f1\Editor\Unity.exe
-batchmode
-quit
-projectPath
C:\Users\bnna7\workspace\Houdini\LowPolyCity
-executeMethod
LowPolyWorldBuilder.Editor.Batch.BatchGenerationEntryPoint.GenerateWorld
-lpwProfile
Assets/LowPolyWorldBuilder/Config/CartoonCity_4x4.asset
-lpwSeed
12345
-lpwOut
Assets/LowPolyWorldOutput
-logFile
C:\Users\bnna7\workspace\Houdini\LowPolyCity\lpw_scene_build.log
Successfully changed project path to: C:\Users\bnna7\workspace\Houdini\LowPolyCity
C:/Users/bnna7/workspace/Houdini/LowPolyCity
[UnityMemory] Configuration Parameters - Can be set up in boot.config
    "memorysetup-bucket-allocator-granularity=16"
    "memorysetup-bucket-allocator-bucket-count=8"
    "memorysetup-bucket-allocator-block-size=33554432"
    "memorysetup-bucket-allocator-block-count=8"
    "memorysetup-main-allocator-block-size=16777216"
    "memorysetup-thread-allocator-block-size=16777216"
    "memorysetup-gfx-main-allocator-block-size=16777216"
    "memorysetup-gfx-thread-allocator-block-size=16777216"
    "memorysetup-cache-allocator-block-size=4194304"
    "memorysetup-typetree-allocator-block-size=2097152"
    "memorysetup-profiler-bucket-allocator-granularity=16"
    "memorysetup-profiler-bucket-allocator-bucket-count=8"
    "memorysetup-profiler-bucket-allocator-block-size=33554432"
    "memorysetup-profiler-bucket-allocator-block-count=8"
    "memorysetup-profiler-allocator-block-size=16777216"
    "memorysetup-profiler-editor-allocator-block-size=1048576"
    "memorysetup-temp-allocator-size-main=16777216"
    "memorysetup-job-temp-allocator-block-size=2097152"
    "memorysetup-job-temp-allocator-block-size-background=1048576"
    "memorysetup-job-temp-allocator-reduction-small-platforms=262144"
    "memorysetup-allocator-temp-initial-block-size-main=262144"
    "memorysetup-allocator-temp-initial-block-size-worker=262144"
    "memorysetup-temp-allocator-size-background-worker=32768"
    "memorysetup-temp-allocator-size-job-worker=262144"
    "memorysetup-temp-allocator-size-preload-manager=33554432"
    "memorysetup-temp-allocator-size-nav-mesh-worker=65536"
    "memorysetup-temp-allocator-size-audio-worker=65536"
    "memorysetup-temp-allocator-size-cloud-worker=32768"
    "memorysetup-temp-allocator-size-gi-baking-worker=262144"
    "memorysetup-temp-allocator-size-gi-baking-worker=262144"
    "memorysetup-temp-allocator-size-gi-baking-worker=262144"
    "memorysetup-temp-allocator-size-gi-baking-worker=262144"
    "memorysetup-temp-allocator-size-gi-baking-worker=262144"
    "memorysetup-temp-allocator-size-gfx=262144"
Player connection [23684]  Target information:

Player connection [23684]  * "[IP] 172.29.240.1 [Port] 55504 [Flags] 2 [Guid] 2095947995 [EditorId] 2095947995 [Version] 1048832 [Id] WindowsEditor(7,desktop) [Debug] 1 [PackageName] WindowsEditor [ProjectName] Editor" 

Player connection [23684]  * "[IP] 192.168.255.126 [Port] 55504 [Flags] 2 [Guid] 2095947995 [EditorId] 2095947995 [Version] 1048832 [Id] WindowsEditor(7,desktop) [Debug] 1 [PackageName] WindowsEditor [ProjectName] Editor" 

Player connection [23684]  * "[IP] 192.168.1.13 [Port] 55504 [Flags] 2 [Guid] 2095947995 [EditorId] 2095947995 [Version] 1048832 [Id] WindowsEditor(7,desktop) [Debug] 1 [PackageName] WindowsEditor [ProjectName] Editor" 

Player connection [23684] Host joined multi-casting on [225.0.0.222:54997]...
Player connection [23684] Host joined alternative multi-casting on [225.0.0.222:34997]...
[Package Manager] Connected to IPC stream "Upm-5424" after 0.2 seconds.
Library Redirect Path: Library/
[Licensing::Client] Successfully resolved entitlements
[Package Manager] Restoring resolved packages state from cache
[Licensing::Client] Successfully resolved entitlement details
[Package Manager] Registered 14 packages:
  Packages from [https://packages.unity.com]:
    com.unity.test-framework@1.4.5 (location: C:\Users\bnna7\workspace\Houdini\LowPolyCity\Library\PackageCache\com.unity.test-framework)
    com.unity.ext.nunit@2.0.5 (location: C:\Users\bnna7\workspace\Houdini\LowPolyCity\Library\PackageCache\com.unity.ext.nunit)
  Built-in packages:
    com.unity.modules.audio@1.0.0 (location: C:\Users\bnna7\workspace\Houdini\LowPolyCity\Library\PackageCache\com.unity.modules.audio)
    com.unity.modules.imgui@1.0.0 (location: C:\Users\bnna7\workspace\Houdini\LowPolyCity\Library\PackageCache\com.unity.modules.imgui)
    com.unity.modules.jsonserialize@1.0.0 (location: C:\Users\bnna7\workspace\Houdini\LowPolyCity\Library\PackageCache\com.unity.modules.jsonserialize)
    com.unity.modules.particlesystem@1.0.0 (location: C:\Users\bnna7\workspace\Houdini\LowPolyCity\Library\PackageCache\com.unity.modules.particlesystem)
    com.unity.modules.physics@1.0.0 (location: C:\Users\bnna7\workspace\Houdini\LowPolyCity\Library\PackageCache\com.unity.modules.physics)
    com.unity.modules.screencapture@1.0.0 (location: C:\Users\bnna7\workspace\Houdini\LowPolyCity\Library\PackageCache\com.unity.modules.screencapture)
    com.unity.modules.terrain@1.0.0 (location: C:\Users\bnna7\workspace\Houdini\LowPolyCity\Library\PackageCache\com.unity.modules.terrain)
    com.unity.modules.ui@1.0.0 (location: C:\Users\bnna7\workspace\Houdini\LowPolyCity\Library\PackageCache\com.unity.modules.ui)
    com.unity.modules.uielements@1.0.0 (location: C:\Users\bnna7\workspace\Houdini\LowPolyCity\Library\PackageCache\com.unity.modules.uielements)
    com.unity.modules.hierarchycore@1.0.0 (location: C:\Users\bnna7\workspace\Houdini\LowPolyCity\Library\PackageCache\com.unity.modules.hierarchycore)
    com.unity.modules.imageconversion@1.0.0 (location: C:\Users\bnna7\workspace\Houdini\LowPolyCity\Library\PackageCache\com.unity.modules.imageconversion)
  Embedded packages:
    com.studio.lowpoly-world-builder@file:C:\Users\bnna7\workspace\Houdini\LowPolyCity\Packages\com.studio.lowpoly-world-builder (location: C:\Users\bnna7\workspace\Houdini\LowPolyCity\Packages\com.studio.lowpoly-world-builder)
[PhysX] Initialized MultithreadedTaskDispatcher with 16 workers.
[Subsystems] No new subsystems found in resolved package list.
Package Manager log level set to [2]
[Package Manager] Done registering packages in 0.34 seconds
Refreshing native plugins compatible for Editor in 0.00 ms, found 0 plugins.
Preloading 0 native plugins for Editor in 0.00 ms.
Initialize engine version: 6000.0.0f1 (4ff56b3ea44c)
[Subsystems] Discovering subsystems at path C:/Program Files/Unity 6000.0.0f1/Editor/Data/Resources/UnitySubsystems
[Subsystems] Discovering subsystems at path C:/Users/bnna7/workspace/Houdini/LowPolyCity/Assets
GfxDevice: creating device client; kGfxThreadingModeNonThreaded
Direct3D:
    Version:  Direct3D 11.0 [level 11.1]
    Renderer: NVIDIA GeForce RTX 4050 Laptop GPU (ID=0x28a1)
    Vendor:   NVIDIA
    VRAM:     5921 MB
    Driver:   32.0.15.8088
[Licensing::Client] Successfully resolved entitlements
Initialize mono
Mono path[0] = 'C:/Program Files/Unity 6000.0.0f1/Editor/Data/Managed'
Mono path[1] = 'C:/Program Files/Unity 6000.0.0f1/Editor/Data/MonoBleedingEdge/lib/mono/unityjit-win32'
Mono config path = 'C:/Program Files/Unity 6000.0.0f1/Editor/Data/MonoBleedingEdge/etc'
Using monoOptions --debugger-agent=transport=dt_socket,embedding=1,server=y,suspend=n,address=127.0.0.1:56424
Using cacheserver namespaces - metadata:defaultmetadata, artifacts:defaultartifacts
Using cacheserver namespaces - metadata:defaultmetadata, artifacts:defaultartifacts
ImportWorker Server TCP listen port: 0
AcceleratorClientConnectionCallback - disconnected - :0
Begin MonoManager ReloadAssembly
Registering precompiled unity dll's ...
Register platform support module: C:/Program Files/Unity 6000.0.0f1/Editor/Data/PlaybackEngines/WindowsStandaloneSupport/UnityEditor.WindowsStandalone.Extensions.dll
Registered in 0.004528 seconds.
- Loaded All Assemblies, in  0.302 seconds
Native extension for WindowsStandalone target not found
Mono: successfully reloaded assembly
- Finished resetting the current domain, in  0.258 seconds
Domain Reload Profiling: 555ms
	BeginReloadAssembly (113ms)
		ExecutionOrderSort (0ms)
		DisableScriptedObjects (0ms)
		BackupInstance (0ms)
		ReleaseScriptingObjects (0ms)
		CreateAndSetChildDomain (1ms)
	RebuildCommonClasses (26ms)
	RebuildNativeTypeToScriptingClass (8ms)
	initialDomainReloadingComplete (45ms)
	LoadAllAssembliesAndSetupDomain (104ms)
		LoadAssemblies (107ms)
		RebuildTransferFunctionScriptingTraits (0ms)
		AnalyzeDomain (102ms)
			TypeCache.Refresh (101ms)
				TypeCache.ScanAssembly (91ms)
			BuildScriptInfoCaches (0ms)
			ResolveRequiredComponents (0ms)
	FinalizeReload (259ms)
		ReleaseScriptCaches (0ms)
		RebuildScriptCaches (0ms)
		SetupLoadedEditorAssemblies (226ms)
			LogAssemblyErrors (0ms)
			InitializePlatformSupportModulesInManaged (14ms)
			SetLoadedEditorAssemblies (3ms)
			BeforeProcessingInitializeOnLoad (3ms)
			ProcessInitializeOnLoadAttributes (101ms)
			ProcessInitializeOnLoadMethodAttributes (105ms)
			AfterProcessingInitializeOnLoad (0ms)
			EditorAssembliesLoaded (0ms)
		ExecutionOrderSort2 (0ms)
		AwakeInstancesAfterBackupRestoration (0ms)
[Licensing::Client] Successfully resolved entitlements
Application.AssetDatabase Initial Refresh Start
[ScriptCompilation] Requested script compilation because: Assetdatabase observed changes in script compilation related files
Starting: C:\Program Files\Unity 6000.0.0f1\Editor\Data\bee_backend.exe --dont-print-to-structured-log --ipc --defer-dag-verification --dagfile="Library/Bee/1900b0aE.dag" --continue-on-failure --profile="Library/Bee/backend1.traceevents" ScriptAssemblies
WorkingDir: C:/Users/bnna7/workspace/Houdini/LowPolyCity
DisplayProgressbar: Compiling Scripts
ExitCode: 0 Duration: 1s96ms
[155/161    0s] Csc Library/Bee/artifacts/1900b0aE.dag/LowPolyWorldBuilder.Editor.dll (+2 others)
[           0s] Csc Library/Bee/artifacts/1900b0aE.dag/LowPolyWorldBuilder.Editor.dll (+2 others) [CacheWrite 00000000000000000000000000000003]
[159/161    0s] CopyFiles Library/ScriptAssemblies/LowPolyWorldBuilder.Editor.pdb
[160/161    0s] CopyFiles Library/ScriptAssemblies/LowPolyWorldBuilder.Editor.dll
*** Tundra build success (1.06 seconds), 3 items updated, 161 evaluated
AssetDatabase: script compilation time: 1.425545s
Begin MonoManager ReloadAssembly
- Loaded All Assemblies, in  0.608 seconds
Refreshing native plugins compatible for Editor in 0.00 ms, found 0 plugins.
Native extension for WindowsStandalone target not found
Mono: successfully reloaded assembly
- Finished resetting the current domain, in  0.379 seconds
Domain Reload Profiling: 980ms
	BeginReloadAssembly (377ms)
		ExecutionOrderSort (0ms)
		DisableScriptedObjects (9ms)
		BackupInstance (0ms)
		ReleaseScriptingObjects (0ms)
		CreateAndSetChildDomain (29ms)
	RebuildCommonClasses (29ms)
	RebuildNativeTypeToScriptingClass (9ms)
	initialDomainReloadingComplete (28ms)
	LoadAllAssembliesAndSetupDomain (157ms)
		LoadAssemblies (242ms)
		RebuildTransferFunctionScriptingTraits (0ms)
		AnalyzeDomain (14ms)
			TypeCache.Refresh (9ms)
				TypeCache.ScanAssembly (6ms)
			BuildScriptInfoCaches (3ms)
			ResolveRequiredComponents (0ms)
	FinalizeReload (379ms)
		ReleaseScriptCaches (0ms)
		RebuildScriptCaches (0ms)
		SetupLoadedEditorAssemblies (238ms)
			LogAssemblyErrors (0ms)
			InitializePlatformSupportModulesInManaged (12ms)
			SetLoadedEditorAssemblies (2ms)
			BeforeProcessingInitializeOnLoad (43ms)
			ProcessInitializeOnLoadAttributes (86ms)
			ProcessInitializeOnLoadMethodAttributes (83ms)
			AfterProcessingInitializeOnLoad (13ms)
			EditorAssembliesLoaded (0ms)
		ExecutionOrderSort2 (0ms)
		AwakeInstancesAfterBackupRestoration (13ms)
Refreshing native plugins compatible for Editor in 0.00 ms, found 0 plugins.
Preloading 0 native plugins for Editor in 0.00 ms.
Asset Pipeline Refresh (id=e1095302edca11743b6eabd7f0f2571e): Total: 2.587 seconds - Initiated by InitialRefreshV2(ForceSynchronousImport)
	Summary:
		Imports: total=0 (actual=0, local cache=0, cache server=0)
		Asset DB Process Time: managed=0 ms, native=473 ms
		Asset DB Callback time: managed=40 ms, native=3 ms
		Scripting: domain reloads=1, domain reload time=628 ms, compile time=1427 ms, other=14 ms
		Project Asset Count: scripts=117, non-scripts=33
		Asset File Changes: new=0, changed=1, moved=0, deleted=0
		Scan Filter Count: 0
	InvokeCustomDependenciesCallbacks: 0.001ms
	InvokePackagesCallback: 4.864ms
	ApplyChangesToAssetFolders: 0.295ms
	Scan: 25.358ms
	OnSourceAssetsModified: 0.700ms
	CategorizeAssetsWithTransientArtifact: 4.351ms
	ProcessAssetsWithTransientArtifactChanges: 3.780ms
	CategorizeAssets: 1.067ms
	ImportOutOfDateAssets: 380.740ms (-1047.209ms without children)
		CompileScripts: 1427.133ms
		ReloadNativeAssets: 0.000ms
		UnloadImportedAssets: 0.691ms
		EnsureUptoDateAssetsAreRegisteredWithGuidPM: 0.021ms
		InitializingProgressBar: 0.000ms
		PostProcessAllAssetNotificationsAddChangedAssets: 0.000ms
		OnDemandSchedulerStart: 0.104ms
	PostProcessAllAssets: 41.201ms
	Hotreload: 1.055ms
	GatherAllCurrentPrimaryArtifactRevisions: 0.001ms
	UnloadStreamsBegin: 0.194ms
	PersistCurrentRevisions: 0.005ms
	UnloadStreamsEnd: 0.001ms
	GenerateScriptTypeHashes: 0.004ms
	Untracked: 2123.449ms

Application.AssetDatabase Initial Refresh End
Launched and connected shader compiler UnityShaderCompiler.exe after 0.01 seconds
Scanning for USB devices : 3.103ms
Initializing Unity extensions:
[Licensing::Client] Successfully resolved entitlements
[MODES] ModeService[none].Initialize
[MODES] ModeService[none].LoadModes
[MODES] Loading mode Default (0) for mode-current-id-LowPolyCity
Unloading 3 Unused Serialized files (Serialized files now loaded: 0)
Unloading 422 unused Assets / (0.5 MB). Loaded Objects now: 1051.
Memory consumption went from 105.2 MB to 104.6 MB.
Total: 4.828000 ms (FindLiveObjects: 0.081900 ms CreateObjectMapping: 0.014000 ms MarkObjects: 4.431800 ms  DeleteObjects: 0.300000 ms)

Unloading 7 Unused Serialized files (Serialized files now loaded: 0)
Unloading 6 unused Assets / (18.5 KB). Loaded Objects now: 1060.
Memory consumption went from 103.1 MB to 103.1 MB.
Total: 3.823400 ms (FindLiveObjects: 0.047600 ms CreateObjectMapping: 0.007000 ms MarkObjects: 3.749400 ms  DeleteObjects: 0.018700 ms)

Start importing Assets/LowPolyWorldOutput/CartoonCity_4x4.prefab using Guid(e502832ed48398348866e5a37f118cc4) (PrefabImporter)[PhysX] Initialized MultithreadedTaskDispatcher with 16 workers.
[PhysX] Initialized MultithreadedTaskDispatcher with 16 workers.
 -> (artifact id: 'f3e562c80094f1c4040c5709fefd4e3a') in 0.0316138 seconds
Refreshing native plugins compatible for Editor in 0.00 ms, found 0 plugins.
Preloading 0 native plugins for Editor in 0.00 ms.
Asset Pipeline Refresh (id=d50681527727aae488cd791d234a41aa): Total: 0.071 seconds - Initiated by StopAssetImportingV2(NoUpdateAssetOptions)
Start importing Assets/LowPolyWorldOutput/CartoonCity_4x4.unity using Guid(fc9a729b4387ed240804dedbae74d1fe) (DefaultImporter)[PhysX] Initialized MultithreadedTaskDispatcher with 16 workers.
 -> (artifact id: 'dd76e84cd13b340a0920829eeb23ff0e') in 0.0011677 seconds
Refreshing native plugins compatible for Editor in 0.00 ms, found 0 plugins.
Preloading 0 native plugins for Editor in 0.00 ms.
Asset Pipeline Refresh (id=958e68deffeedbc428f942be1618bea9): Total: 0.017 seconds - Initiated by StopAssetImportingV2(NoUpdateAssetOptions)
Asset Pipeline Refresh (id=267fb2f498edeb345acc38f78b898122): Total: 0.002 seconds - Initiated by StopAssetImportingV2(NoUpdateAssetOptions)
Start importing Assets/LowPolyWorldOutput/CartoonCity_4x4.report.txt using Guid(53864bbfc7b379a41a0caf37ed10c894) (TextScriptImporter)[PhysX] Initialized MultithreadedTaskDispatcher with 16 workers.
 -> (artifact id: 'a51d24215e5d653e9f5271cd9e9119f3') in 0.0022926 seconds
Refreshing native plugins compatible for Editor in 0.00 ms, found 0 plugins.
Preloading 0 native plugins for Editor in 0.00 ms.
Asset Pipeline Refresh (id=5d0ceec1492ea7a4da956a7cd4feeb8e): Total: 0.033 seconds - Initiated by RefreshV2(NoUpdateAssetOptions)
[LPW] Generation complete:
WorldBuildReport seed=12345 version=0.1.0 time=2026-10-02 02:40:04Z
roads=40 blocks=16 lots=169 buildings=169 scatter=57 prefabs=0
[Info] (RoadNetwork) 40 road segments, 25 intersections
[Info] (Blocks) 16 blocks, 169 lots
[Info] (Scatter) 57 scatter items (trees/lamps)
UnityEngine.Debug:ExtractStackTraceNoAlloc (byte*,int,string)
UnityEngine.StackTraceUtility:ExtractStackTrace ()
UnityEngine.DebugLogHandler:Internal_Log (UnityEngine.LogType,UnityEngine.LogOption,string,UnityEngine.Object)
UnityEngine.DebugLogHandler:LogFormat (UnityEngine.LogType,UnityEngine.Object,string,object[])
UnityEngine.Logger:Log (UnityEngine.LogType,object)
UnityEngine.Debug:Log (object)
LowPolyWorldBuilder.Editor.Batch.BatchGenerationEntryPoint:GenerateWorldWith (LowPolyWorldBuilder.Editor.Batch.CommandLineOptions) (at ./Packages/com.studio.lowpoly-world-builder/Editor/Batch/BatchGenerationEntryPoint.cs:100)
LowPolyWorldBuilder.Editor.Batch.BatchGenerationEntryPoint:GenerateWorld () (at ./Packages/com.studio.lowpoly-world-builder/Editor/Batch/BatchGenerationEntryPoint.cs:51)

(Filename: ./Packages/com.studio.lowpoly-world-builder/Editor/Batch/BatchGenerationEntryPoint.cs Line: 100)

Curl error 42: Callback aborted
[Licensing::IpcConnector] License Notification channel disconnected successfully.
[Licensing::IpcConnector] License Client channel disconnected successfully.
AcceleratorClientConnectionCallback - disconnected - :0
Cleanup mono
Checking for leaked weakptr:
  Found no leaked weakptrs.
[Package Manager] Server process was shutdown
##utp:{"type":"MemoryLeaks","version":2,"phase":"Immediate","time":1790908806311,"processId":5424,"allocatedMemory":9967098,"memoryLabels":[{"Default":26045},{"Permanent":15300},{"NewDelete":81073},{"Thread":4230384},{"Manager":29730},{"VertexData":8},{"Geometry":816},{"Texture":160},{"Shader":78771},{"Material":24},{"GfxDevice":55392},{"Animation":328},{"Audio":4040},{"FontEngine":256},{"Physics":929},{"Serialization":968},{"Input":14816},{"JobScheduler":33024},{"TextLib":32},{"Mono":32},{"ScriptingNativeRuntime":155060},{"BaseObject":1619920},{"Resource":1304},{"Renderer":2880},{"Transform":4646},{"File":976},{"WebCam":752},{"Culling":32},{"Terrain":11394},{"Wind":24},{"STL":80},{"String":11540},{"DynamicArray":78314},{"HashMap":70039},{"Utility":2664222},{"Curl":48},{"PoolAlloc":1768},{"AI":104},{"TypeTree":4493},{"ScriptManager":512},{"RuntimeInitializeOnLoadManager":64},{"SpriteAtlas":112},{"GI":7888},{"Director":8240},{"CloudService":7064},{"WebRequest":845},{"VR":45953},{"SceneManager":496},{"Video":64},{"LazyScriptCache":32},{"NativeArray":8},{"Camera":17},{"Secure":1},{"SerializationCache":1576},{"APIUpdating":10320},{"Subsystems":336},{"VirtualTexturing":57888},{"StaticSafetyDebugInfo":278528},{"Analytics":560},{"Hierarchy":16},{"Gui":80},{"EditorUtility":47794},{"VersionControl":4},{"Undo":624},{"AssetDatabase":243407},{"EditorGi":328},{"UnityConnect":24184},{"Upm":1880},{"DrivenProperties":72},{"LocalIPC":260},{"ProfilerEditor":9738},{"CoreBusinessMetrics":14763},{"Licensing":3656},{"AssetReference":32},{"IPCStream":32}]}
~StackAllocator(ALLOC_TEMP_MAIN) m_LastAlloc not NULL. Did you forget to call FreeAllStackAllocations()? To get more information, run app with -diag-temp-memory-leak-validation cmd line argument
